[    0.000000] Linux version 4.15.0-212-generic (buildd@lcy02-amd64-083) (gcc version 7.5.0 (Ubuntu 7.5.0-3ubuntu1~18.04)) #223-Ubuntu SMP Tue May 23 13:09:22 UTC 2023 (Ubuntu 4.15.0-212.223-generic 4.15.18)
[    0.000000] Command line: BOOT_IMAGE=/boot/vmlinuz-4.15.0-212-generic root=LABEL=cloudimg-rootfs ro console=tty1 console=ttyS0
[    0.000000] KERNEL supported cpus:
[    0.000000]   Intel GenuineIntel
[    0.000000]   AMD AuthenticAMD
[    0.000000]   Centaur CentaurHauls
[    0.000000] x86/fpu: Supporting XSAVE feature 0x001: 'x87 floating point registers'
[    0.000000] x86/fpu: Supporting XSAVE feature 0x002: 'SSE registers'
[    0.000000] x86/fpu: Supporting XSAVE feature 0x004: 'AVX registers'
[    0.000000] x86/fpu: xstate_offset[2]:  576, xstate_sizes[2]:  256
[    0.000000] x86/fpu: Enabled xstate features 0x7, context size is 832 bytes, using 'standard' format.
[    0.000000] e820: BIOS-provided physical RAM map:
[    0.000000] BIOS-e820: [mem 0x0000000000000000-0x000000000009fbff] usable
[    0.000000] BIOS-e820: [mem 0x000000000009fc00-0x000000000009ffff] reserved
[    0.000000] BIOS-e820: [mem 0x00000000000f0000-0x00000000000fffff] reserved
[    0.000000] BIOS-e820: [mem 0x0000000000100000-0x000000003ffeffff] usable
[    0.000000] BIOS-e820: [mem 0x000000003fff0000-0x000000003fffffff] ACPI data
[    0.000000] BIOS-e820: [mem 0x00000000fec00000-0x00000000fec00fff] reserved
[    0.000000] BIOS-e820: [mem 0x00000000fee00000-0x00000000fee00fff] reserved
[    0.000000] BIOS-e820: [mem 0x00000000fffc0000-0x00000000ffffffff] reserved
[    0.000000] NX (Execute Disable) protection: active
[    0.000000] SMBIOS 2.5 present.
[    0.000000] DMI: innotek GmbH VirtualBox/VirtualBox, BIOS VirtualBox 12/01/2006
[    0.000000] Hypervisor detected: KVM
[    0.000000] e820: last_pfn = 0x3fff0 max_arch_pfn = 0x400000000
[    0.000000] MTRR: Disabled
[    0.000000] x86/PAT: MTRRs disabled, skipping PAT initialization too.
[    0.000000] CPU MTRRs all blank - virtualized system.
[    0.000000] x86/PAT: Configuration [0-7]: WB  WT  UC- UC  WB  WT  UC- UC  
[    0.000000] found SMP MP-table at [mem 0x0009fff0-0x0009ffff]
[    0.000000] Scanning 1 areas for low memory corruption
[    0.000000] RAMDISK: [mem 0x359cb000-0x36cdcfff]
[    0.000000] ACPI: Early table checksum verification disabled
[    0.000000] ACPI: RSDP 0x00000000000E0000 000024 (v02 VBOX  )
[    0.000000] ACPI: XSDT 0x000000003FFF0030 00003C (v01 VBOX   VBOXXSDT 00000001 ASL  00000061)
[    0.000000] ACPI: FACP 0x000000003FFF00F0 0000F4 (v04 VBOX   VBOXFACP 00000001 ASL  00000061)
[    0.000000] ACPI: DSDT 0x000000003FFF0610 002353 (v02 VBOX   VBOXBIOS 00000002 INTL 20210930)
[    0.000000] ACPI: FACS 0x000000003FFF0200 000040
[    0.000000] ACPI: FACS 0x000000003FFF0200 000040
[    0.000000] ACPI: APIC 0x000000003FFF0240 00005C (v02 VBOX   VBOXAPIC 00000001 ASL  00000061)
[    0.000000] ACPI: SSDT 0x000000003FFF02A0 00036C (v01 VBOX   VBOXCPUT 00000002 INTL 20210930)
[    0.000000] ACPI: Reserving FACP table memory at [mem 0x3fff00f0-0x3fff01e3]
[    0.000000] ACPI: Reserving DSDT table memory at [mem 0x3fff0610-0x3fff2962]
[    0.000000] ACPI: Reserving FACS table memory at [mem 0x3fff0200-0x3fff023f]
[    0.000000] ACPI: Reserving FACS table memory at [mem 0x3fff0200-0x3fff023f]
[    0.000000] ACPI: Reserving APIC table memory at [mem 0x3fff0240-0x3fff029b]
[    0.000000] ACPI: Reserving SSDT table memory at [mem 0x3fff02a0-0x3fff060b]
[    0.000000] No NUMA configuration found
[    0.000000] Faking a node at [mem 0x0000000000000000-0x000000003ffeffff]
[    0.000000] NODE_DATA(0) allocated [mem 0x3ffc5000-0x3ffeffff]
[    0.000000] kvm-clock: cpu 0, msr 0:3ff44001, primary cpu clock
[    0.000000] kvm-clock: Using msrs 4b564d01 and 4b564d00
[    0.000000] kvm-clock: using sched offset of 3647182369 cycles
[    0.000000] clocksource: kvm-clock: mask: 0xffffffffffffffff max_cycles: 0x1cd42e4dffb, max_idle_ns: 881590591483 ns
[    0.000000] Zone ranges:
[    0.000000]   DMA      [mem 0x0000000000001000-0x0000000000ffffff]
[    0.000000]   DMA32    [mem 0x0000000001000000-0x000000003ffeffff]
[    0.000000]   Normal   empty
[    0.000000]   Device   empty
[    0.000000] Movable zone start for each node
[    0.000000] Early memory node ranges
[    0.000000]   node   0: [mem 0x0000000000001000-0x000000000009efff]
[    0.000000]   node   0: [mem 0x0000000000100000-0x000000003ffeffff]
[    0.000000] Reserved but unavailable: 104 pages
[    0.000000] Initmem setup node 0 [mem 0x0000000000001000-0x000000003ffeffff]
[    0.000000] ACPI: PM-Timer IO Port: 0x4008
[    0.000000] IOAPIC[0]: apic_id 2, version 32, address 0xfec00000, GSI 0-23
[    0.000000] ACPI: INT_SRC_OVR (bus 0 bus_irq 0 global_irq 2 dfl dfl)
[    0.000000] ACPI: INT_SRC_OVR (bus 0 bus_irq 9 global_irq 9 low level)
[    0.000000] Using ACPI (MADT) for SMP configuration information
[    0.000000] smpboot: Allowing 2 CPUs, 0 hotplug CPUs
[    0.000000] PM: Registered nosave memory: [mem 0x00000000-0x00000fff]
[    0.000000] PM: Registered nosave memory: [mem 0x0009f000-0x0009ffff]
[    0.000000] PM: Registered nosave memory: [mem 0x000a0000-0x000effff]
[    0.000000] PM: Registered nosave memory: [mem 0x000f0000-0x000fffff]
[    0.000000] e820: [mem 0x40000000-0xfebfffff] available for PCI devices
[    0.000000] Booting paravirtualized kernel on KVM
[    0.000000] clocksource: refined-jiffies: mask: 0xffffffff max_cycles: 0xffffffff, max_idle_ns: 7645519600211568 ns
[    0.000000] setup_percpu: NR_CPUS:8192 nr_cpumask_bits:2 nr_cpu_ids:2 nr_node_ids:1
[    0.000000] percpu: Embedded 50 pages/cpu s167936 r8192 d28672 u1048576
[    0.000000] PV qspinlock hash table entries: 256 (order: 0, 4096 bytes)
[    0.000000] Built 1 zonelists, mobility grouping on.  Total pages: 257913
[    0.000000] Policy zone: DMA32
[    0.000000] Kernel command line: BOOT_IMAGE=/boot/vmlinuz-4.15.0-212-generic root=LABEL=cloudimg-rootfs ro console=tty1 console=ttyS0
[    0.000000] Memory: 982644K/1048120K available (12300K kernel code, 2477K rwdata, 4324K rodata, 2480K init, 2720K bss, 65476K reserved, 0K cma-reserved)
[    0.000000] SLUB: HWalign=64, Order=0-3, MinObjects=0, CPUs=2, Nodes=1
[    0.000000] Kernel/User page tables isolation: enabled
[    0.000000] ftrace: allocating 39508 entries in 155 pages
[    0.004000] Hierarchical RCU implementation.
[    0.004000] 	RCU restricting CPUs from NR_CPUS=8192 to nr_cpu_ids=2.
[    0.004000] 	Tasks RCU enabled.
[    0.004000] RCU: Adjusting geometry for rcu_fanout_leaf=16, nr_cpu_ids=2
[    0.004000] NR_IRQS: 524544, nr_irqs: 440, preallocated irqs: 16
[    0.004000] random: crng init done
[    0.004000] Console: colour VGA+ 80x25
[    0.004000] console [tty1] enabled
[    0.004000] console [ttyS0] enabled
[    0.004000] ACPI: Core revision 20170831
[    0.004000] ACPI: 2 ACPI AML tables successfully acquired and loaded
[    0.004000] APIC: Switch to symmetric I/O mode setup
[    0.004575] x2apic enabled
[    0.008041] Switched APIC routing to physical x2apic.
[    0.016000] ..TIMER: vector=0x30 apic1=0 pin1=2 apic2=-1 pin2=-1
[    0.016005] tsc: Detected 2201.594 MHz processor
[    0.020012] Calibrating delay loop (skipped) preset value.. 4403.18 BogoMIPS (lpj=8806376)
[    0.024003] pid_max: default: 32768 minimum: 301
[    0.028055] Security Framework initialized
[    0.031061] Yama: becoming mindful.
[    0.032066] AppArmor: AppArmor initialized
[    0.037788] Dentry cache hash table entries: 131072 (order: 8, 1048576 bytes)
[    0.044304] Inode-cache hash table entries: 65536 (order: 7, 524288 bytes)
[    0.048047] Mount-cache hash table entries: 2048 (order: 2, 16384 bytes)
[    0.052033] Mountpoint-cache hash table entries: 2048 (order: 2, 16384 bytes)
[    0.057259] Last level iTLB entries: 4KB 1024, 2MB 1024, 4MB 1024
[    0.060003] Last level dTLB entries: 4KB 1024, 2MB 1024, 4MB 1024, 1GB 4
[    0.064003] Spectre V1 : Mitigation: usercopy/swapgs barriers and __user pointer sanitization
[    0.068003] Spectre V2 : Mitigation: Retpolines
[    0.072002] Spectre V2 : Spectre v2 / SpectreRSB mitigation: Filling RSB on context switch
[    0.076002] Spectre V2 : Spectre v2 / SpectreRSB : Filling RSB on VMEXIT
[    0.080002] Speculative Store Bypass: Vulnerable
[    0.084048] MDS: Mitigation: Clear CPU buffers
[    0.088002] MMIO Stale Data: Unknown: No mitigations
[    0.092002] SRBDS: Unknown: Dependent on hypervisor status
[    0.095667] Freeing SMP alternatives memory: 36K
[    0.210188] smpboot: CPU0: Intel(R) Core(TM) i7-4770HQ CPU @ 2.20GHz (family: 0x6, model: 0x46, stepping: 0x1)
[    0.212288] Performance Events: unsupported p6 CPU model 70 no PMU driver, software events only.
[    0.216092] Hierarchical SRCU implementation.
[    0.220163] NMI watchdog: Perf event create on CPU 0 failed with -2
[    0.224003] NMI watchdog: Perf NMI watchdog permanently disabled
[    0.228184] smp: Bringing up secondary CPUs ...
[    0.231498] x86: Booting SMP configuration:
[    0.232003] .... node  #0, CPUs:      #1
[    0.004000] kvm-clock: cpu 1, msr 0:3ff44041, secondary cpu clock
[    0.240104] smp: Brought up 1 node, 2 CPUs
[    0.242796] smpboot: Max logical packages: 1
[    0.244007] smpboot: Total of 2 processors activated (8806.37 BogoMIPS)
[    0.248257] devtmpfs: initialized
[    0.252080] x86/mm: Memory block size: 128MB
[    0.256255] evm: security.selinux
[    0.258451] evm: security.SMACK64
[    0.260002] evm: security.SMACK64EXEC
[    0.262366] evm: security.SMACK64TRANSMUTE
[    0.264003] evm: security.SMACK64MMAP
[    0.268002] evm: security.apparmor
[    0.270273] evm: security.ima
[    0.272002] evm: security.capability
[    0.274504] clocksource: jiffies: mask: 0xffffffff max_cycles: 0xffffffff, max_idle_ns: 7645041785100000 ns
[    0.276037] futex hash table entries: 512 (order: 3, 32768 bytes)
[    0.280113] pinctrl core: initialized pinctrl subsystem
[    0.284389] RTC time: 11:56:58, date: 10/19/23
[    0.288387] NET: Registered protocol family 16
[    0.292089] audit: initializing netlink subsys (disabled)
[    0.296094] audit: type=2000 audit(1697716623.001:1): state=initialized audit_enabled=0 res=1
[    0.300035] cpuidle: using governor ladder
[    0.302897] cpuidle: using governor menu
[    0.304067] ACPI: bus type PCI registered
[    0.306607] acpiphp: ACPI Hot Plug PCI Controller Driver version: 0.5
[    0.312291] PCI: Using configuration type 1 for base access
[    0.317383] HugeTLB registered 2.00 MiB page size, pre-allocated 0 pages
[    0.324183] ACPI: Added _OSI(Module Device)
[    0.326746] ACPI: Added _OSI(Processor Device)
[    0.328033] ACPI: Added _OSI(3.0 _SCP Extensions)
[    0.332011] ACPI: Added _OSI(Processor Aggregator Device)
[    0.336004] ACPI: Added _OSI(Linux-Dell-Video)
[    0.340003] ACPI: Added _OSI(Linux-Lenovo-NV-HDMI-Audio)
[    0.343276] ACPI: Added _OSI(Linux-HPI-Hybrid-Graphics)
[    0.344718] ACPI: Executed 1 blocks of module-level executable AML code
[    0.355305] ACPI: Interpreter enabled
[    0.356014] ACPI: (supports S0 S5)
[    0.358217] ACPI: Using IOAPIC for interrupt routing
[    0.360410] PCI: Using host bridge windows from ACPI; if necessary, use "pci=nocrs" and report a bug
[    0.364235] ACPI: Enabled 2 GPEs in block 00 to 07
[    0.377999] ACPI: PCI Root Bridge [PCI0] (domain 0000 [bus 00-ff])
[    0.380008] acpi PNP0A03:00: _OSC: OS supports [ASPM ClockPM Segments MSI]
[    0.384809] acpi PNP0A03:00: _OSC: not requesting OS control; OS requires [ExtendedConfig ASPM ClockPM MSI]
[    0.388026] acpi PNP0A03:00: fail to add MMCONFIG information, can't access extended PCI configuration space under this bridge.
[    0.396282] PCI host bridge to bus 0000:00
[    0.399139] pci_bus 0000:00: root bus resource [io  0x0000-0x0cf7 window]
[    0.400011] pci_bus 0000:00: root bus resource [io  0x0d00-0xffff window]
[    0.404008] pci_bus 0000:00: root bus resource [mem 0x000a0000-0x000bffff window]
[    0.408006] pci_bus 0000:00: root bus resource [mem 0x40000000-0xfdffffff window]
[    0.412010] pci_bus 0000:00: root bus resource [bus 00-ff]
[    0.428210] pci 0000:00:01.1: legacy IDE quirk: reg 0x10: [io  0x01f0-0x01f7]
[    0.432004] pci 0000:00:01.1: legacy IDE quirk: reg 0x14: [io  0x03f6]
[    0.436008] pci 0000:00:01.1: legacy IDE quirk: reg 0x18: [io  0x0170-0x0177]
[    0.440009] pci 0000:00:01.1: legacy IDE quirk: reg 0x1c: [io  0x0376]
[    0.513591] pci 0000:00:07.0: quirk: [io  0x4000-0x403f] claimed by PIIX4 ACPI
[    0.516041] pci 0000:00:07.0: quirk: [io  0x4100-0x410f] claimed by PIIX4 SMB
[    0.532549] ACPI: PCI Interrupt Link [LNKA] (IRQs 5 9 10 *11)
[    0.536610] ACPI: PCI Interrupt Link [LNKB] (IRQs 5 9 *10 11)
[    0.540235] ACPI: PCI Interrupt Link [LNKC] (IRQs 5 *9 10 11)
[    0.544210] ACPI: PCI Interrupt Link [LNKD] (IRQs 5 9 10 *11)
[    0.548573] SCSI subsystem initialized
[    0.552112] pci 0000:00:02.0: vgaarb: setting as boot VGA device
[    0.555984] pci 0000:00:02.0: vgaarb: VGA device added: decodes=io+mem,owns=io+mem,locks=none
[    0.556011] pci 0000:00:02.0: vgaarb: bridge control possible
[    0.560003] vgaarb: loaded
[    0.561900] ACPI: bus type USB registered
[    0.564026] usbcore: registered new interface driver usbfs
[    0.568028] usbcore: registered new interface driver hub
[    0.572013] usbcore: registered new device driver usb
[    0.576128] EDAC MC: Ver: 3.0.0
[    0.580174] PCI: Using ACPI for IRQ routing
[    0.583601] NetLabel: Initializing
[    0.584004] NetLabel:  domain hash size = 128
[    0.588002] NetLabel:  protocols = UNLABELED CIPSOv4 CALIPSO
[    0.592018] NetLabel:  unlabeled traffic allowed by default
[    0.596168] clocksource: Switched to clocksource kvm-clock
[    0.623595] VFS: Disk quotas dquot_6.6.0
[    0.626609] VFS: Dquot-cache hash table entries: 512 (order 0, 4096 bytes)
[    0.631097] AppArmor: AppArmor Filesystem Enabled
[    0.634133] pnp: PnP ACPI init
[    0.638229] pnp: PnP ACPI: found 3 devices
[    0.657979] clocksource: acpi_pm: mask: 0xffffff max_cycles: 0xffffff, max_idle_ns: 2085701024 ns
[    0.663416] NET: Registered protocol family 2
[    0.666476] IP idents hash table entries: 16384 (order: 5, 131072 bytes)
[    0.671065] TCP established hash table entries: 8192 (order: 4, 65536 bytes)
[    0.675495] TCP bind hash table entries: 8192 (order: 5, 131072 bytes)
[    0.679707] TCP: Hash tables configured (established 8192 bind 8192)
[    0.684100] UDP hash table entries: 512 (order: 2, 16384 bytes)
[    0.687928] UDP-Lite hash table entries: 512 (order: 2, 16384 bytes)
[    0.692182] NET: Registered protocol family 1
[    0.695244] pci 0000:00:00.0: Limiting direct PCI/PCI transfers
[    0.699486] pci 0000:00:01.0: Activating ISA DMA hang workarounds
[    0.703676] pci 0000:00:02.0: Video device with shadowed ROM at [mem 0x000c0000-0x000dffff]
[    0.709031] Unpacking initramfs...
[    1.077834] Freeing initrd memory: 19528K
[    1.080888] clocksource: tsc: mask: 0xffffffffffffffff max_cycles: 0x1fbc149cfa1, max_idle_ns: 440795255994 ns
[    1.087544] platform rtc_cmos: registered platform RTC device (no PNP device found)
[    1.092346] Scanning for low memory corruption every 60 seconds
[    1.097253] Initialise system trusted keyrings
[    1.100332] Key type blacklist registered
[    1.103490] workingset: timestamp_bits=36 max_order=18 bucket_order=0
[    1.109116] zbud: loaded
[    1.111644] squashfs: version 4.0 (2009/01/31) Phillip Lougher
[    1.116055] fuse init (API version 7.26)
[    1.125105] Key type asymmetric registered
[    1.127670] Asymmetric key parser 'x509' registered
[    1.130828] Block layer SCSI generic (bsg) driver version 0.4 loaded (major 246)
[    1.135552] io scheduler noop registered
[    1.138265] io scheduler deadline registered
[    1.141110] io scheduler cfq registered (default)
[    1.144944] ACPI: AC Adapter [AC] (on-line)
[    1.147627] input: Power Button as /devices/LNXSYSTM:00/LNXPWRBN:00/input/input0
[    1.152375] ACPI: Power Button [PWRF]
[    1.154964] input: Sleep Button as /devices/LNXSYSTM:00/LNXSLPBN:00/input/input1
[    1.159590] ACPI: Sleep Button [SLPF]
[    1.164819] ACPI: Battery Slot [BAT0] (battery present)
[    1.168155] Serial: 8250/16550 driver, 32 ports, IRQ sharing enabled
[   1.198615] 00:02: ttyS0 at I/O 0x3f8 (irq = 4, base_baud = 115200) is a 16550A
[    1.201875] Linux agpgart interface v0.103
[    1.212291] loop: module loaded
[    1.216440] scsi host0: ata_piix
[    1.219444] scsi host1: ata_piix
[    1.221865] ata1: PATA max UDMA/33 cmd 0x1f0 ctl 0x3f6 bmdma 0xd000 irq 14
[    1.226334] ata2: PATA max UDMA/33 cmd 0x170 ctl 0x376 bmdma 0xd008 irq 15
[    1.231087] tun: Universal TUN/TAP device driver, 1.6
[    1.234838] PPP generic driver version 2.4.2
[    1.238119] ehci_hcd: USB 2.0 'Enhanced' Host Controller (EHCI) Driver
[    1.242425] ehci-pci: EHCI PCI platform driver
[    1.245672] ehci-platform: EHCI generic platform driver
[    1.246398] ohci_hcd: USB 1.1 'Open' Host Controller (OHCI) Driver
[    1.254052] ohci-pci: OHCI PCI platform driver
[    1.257151] ohci-platform: OHCI generic platform driver
[    1.257997] uhci_hcd: USB Universal Host Controller Interface driver
[    1.264936] i8042: PNP: PS/2 Controller [PNP0303:PS2K,PNP0f03:PS2M] at 0x60,0x64 irq 1,12
[    1.272620] serio: i8042 KBD port at 0x60,0x64 irq 1
[    1.276022] serio: i8042 AUX port at 0x60,0x64 irq 12
[    1.276593] mousedev: PS/2 mouse device common for all mice
[    1.284248] input: AT Translated Set 2 keyboard as /devices/platform/i8042/serio0/input/input2
[    1.292214] rtc_cmos rtc_cmos: rtc core: registered rtc_cmos as rtc0
[    1.297003] rtc_cmos rtc_cmos: alarms up to one day, 114 bytes nvram
[    1.301165] i2c /dev entries driver
[    1.303921] device-mapper: uevent: version 1.0.3
[    1.307536] device-mapper: ioctl: 4.37.0-ioctl (2017-09-20) initialised: dm-devel@redhat.com
[    1.312976] ledtrig-cpu: registered to indicate activity on CPUs
[    1.318222] NET: Registered protocol family 10
[    1.327809] Segment Routing with IPv6
[    1.330381] NET: Registered protocol family 17
[    1.333381] Key type dns_resolver registered
[    1.336735] mce: Using 0 MCE banks
[    1.339003] RAS: Correctable Errors collector initialized.
[    1.342675] sched_clock: Marking stable (1342619777, 0)->(1836129654, -493509877)
[    1.349144] registered taskstats version 1
[    1.351749] Loading compiled-in X.509 certificates
[    1.358606] Loaded X.509 cert 'Build time autogenerated kernel key: b5b26778eaa3ab3a4a6cee031137706e947d12ad'
[    1.365238] Loaded X.509 cert 'Canonical Ltd. Live Patch Signing: 14df34d1a87cf37625abec039ef2bf521249b969'
[    1.372042] Loaded X.509 cert 'Canonical Ltd. Kernel Module Signing: 88f752e560a1e0737e31163a466ad7b70a850c19'
[    1.378318] blacklist: Loading compiled-in revocation X.509 certificates
[    1.382463] Loaded X.509 cert 'Canonical Ltd. Secure Boot Signing: 61482aa2830d0ab2ad5af10b7250da9033ddcef0'
[    1.392651] Loaded X.509 cert 'Canonical Ltd. Secure Boot Signing (2017): 242ade75ac4a15e50d50c84b0d45ff3eae707a03'
[    1.401028] Loaded X.509 cert 'Canonical Ltd. Secure Boot Signing (ESM 2018): 365188c1d374d6b07c3c8f240f8ef722433d6a8b'
[    1.409153] Loaded X.509 cert 'Canonical Ltd. Secure Boot Signing (2019): c0746fd6c5da3ae827864651ad66ae47fe24b3e8'
[    1.417670] Loaded X.509 cert 'Canonical Ltd. Secure Boot Signing (2021 v1): a8d54bbb3825cfb94fa13c9f8a594a195c107b8d'
[    1.425658] Loaded X.509 cert 'Canonical Ltd. Secure Boot Signing (2021 v2): 4cf046892d6fd3c9a5b03f98d845f90851dc6a8c'
[    1.433741] Loaded X.509 cert 'Canonical Ltd. Secure Boot Signing (2021 v3): 100437bb6de6e469b581e61cd66bce3ef4ed53af'
[    1.441794] Loaded X.509 cert 'Canonical Ltd. Secure Boot Signing (Ubuntu Core 2019): c1d57b8f6b743f23ee41f4f7ee292f06eecadfb9'
[    1.450443] zswap: loaded using pool lzo/zbud
[    1.461241] Key type big_key registered
[    1.463935] Key type trusted registered
[    1.469766] Key type encrypted registered
[    1.472699] AppArmor: AppArmor sha1 policy hashing enabled
[    1.476357] ima: No TPM chip found, activating TPM-bypass! (rc=-19)
[    1.480434] ima: Allocated hash algorithm: sha1
[    1.483697] evm: HMAC attrs: 0x1
[    1.486825]   Magic number: 11:509:934
[    1.490186] rtc_cmos rtc_cmos: setting system clock to 2023-10-19 11:56:59 UTC (1697716619)
[    1.496229] BIOS EDD facility v0.16 2004-Jun-25, 0 devices found
[    1.500312] EDD information not available.
[    1.506913] Freeing unused kernel image memory: 2480K
[    1.524894] Write protecting the kernel read-only data: 20480k
[    1.530145] Freeing unused kernel image memory: 2008K
[    1.534589] Freeing unused kernel image memory: 1820K
[    1.543893] x86/mm: Checked W+X mappings: passed, no W+X pages found.
[    1.548397] x86/mm: Checking user space page tables
[    1.560515] x86/mm: Checked W+X mappings: passed, no W+X pages found.
Loading, please wait...
starting version 237
[    1.647499] e1000: Intel(R) PRO/1000 Network Driver - version 7.3.21-k8-NAPI
[    1.652270] e1000: Copyright (c) 1999-2006 Intel Corporation.
[    1.660562] Fusion MPT base driver 3.04.20
[    1.664073] Copyright (c) 1999-2008 LSI Corporation
[    1.687568] AVX2 version of gcm_enc/dec engaged.
[    1.691420] AES CTR mode by8 optimization enabled
[    1.702632] Fusion MPT SPI Host driver 3.04.20
[    1.958849] input: ImExPS/2 Generic Explorer Mouse as /devices/platform/i8042/serio1/input/input4
[    2.208293] e1000 0000:00:03.0 eth0: (PCI:33MHz:32-bit) 02:3b:7b:b7:3b:2d
[    2.213308] e1000 0000:00:03.0 eth0: Intel(R) PRO/1000 Network Connection
[    2.220444] mptbase: ioc0: Initiating bringup
[    2.220631] e1000 0000:00:03.0 enp0s3: renamed from eth0
[    2.331101] ioc0: LSI53C1030 A0: Capabilities={Initiator}
[    2.583354] scsi host2: ioc0: LSI53C1030 A0, FwRev=00000000h, Ports=1, MaxQ=256, IRQ=20
[    2.757589] scsi 2:0:0:0: Direct-Access     VBOX     HARDDISK         1.0  PQ: 0 ANSI: 5
[    2.793129] scsi target2:0:0: Beginning Domain Validation
[    2.801764] scsi target2:0:0: Domain Validation skipping write tests
[    2.805995] scsi target2:0:0: Ending Domain Validation
[    2.809753] scsi target2:0:0: asynchronous
[    2.813226] scsi 2:0:1:0: Direct-Access     VBOX     HARDDISK         1.0  PQ: 0 ANSI: 5
[    2.849035] scsi target2:0:1: Beginning Domain Validation
[    2.856791] scsi target2:0:1: Domain Validation skipping write tests
[    2.860836] scsi target2:0:1: Ending Domain Validation
[    2.864616] scsi target2:0:1: asynchronous
[    2.873731] sd 2:0:0:0: [sda] 83886080 512-byte logical blocks: (42.9 GB/40.0 GiB)
[    2.878574] sd 2:0:0:0: [sda] Write Protect is off
[    2.881933] sd 2:0:0:0: Attached scsi generic sg0 type 0
[    2.885576] sd 2:0:0:0: [sda] Incomplete mode parameter data
[    2.889291] sd 2:0:0:0: [sda] Assuming drive cache: write through
[    2.889296] sd 2:0:1:0: Attached scsi generic sg1 type 0
[    2.897872] sd 2:0:1:0: [sdb] 20480 512-byte logical blocks: (10.5 MB/10.0 MiB)
[    2.903160] sd 2:0:1:0: [sdb] Write Protect is off
[    2.906752] sd 2:0:1:0: [sdb] Incomplete mode parameter data
[    2.910851] sd 2:0:1:0: [sdb] Assuming drive cache: write through
[    2.917056]  sda: sda1
[    2.918881] sd 2:0:1:0: [sdb] Attached SCSI disk
[    2.924364] sd 2:0:0:0: [sda] Attached SCSI disk
Begin: Loading essential drivers ... [    5.214137] raid6: sse2x1   gen() 10725 MB/s
[    5.264250] raid6: sse2x1   xor()  7005 MB/s
[    5.312216] raid6: sse2x2   gen() 11811 MB/s
[    5.360561] raid6: sse2x2   xor()  7627 MB/s
[    5.408070] raid6: sse2x4   gen() 14272 MB/s
[    5.456796] raid6: sse2x4   xor()  8702 MB/s
[    5.509327] raid6: avx2x1   gen() 19902 MB/s
[    5.561192] raid6: avx2x1   xor() 13772 MB/s
[    5.609045] raid6: avx2x2   gen() 22243 MB/s
[    5.660839] raid6: avx2x2   xor() 13778 MB/s
[    5.709021] raid6: avx2x4   gen() 26319 MB/s
[    5.756989] raid6: avx2x4   xor() 16404 MB/s
[    5.760331] raid6: using algorithm avx2x4 gen() 26319 MB/s
[    5.764051] raid6: .... xor() 16404 MB/s, rmw enabled
[    5.767299] raid6: using avx2x2 recovery algorithm
[    5.772726] xor: automatically using best checksumming function   avx       
[    5.778776] async_tx: api initialized (async)
done.
Begin: Running /scripts/init-premount ... done.
Begin: Mounting root file system ... Begin: Running /scripts/local-top ... done.
Begin: Running /scripts/local-premount ... [    5.838167] Btrfs loaded, crc32c=crc32c-intel
Scanning for Btrfs filesystems
done.
Warning: fsck not present, so skipping root file system
[    5.879716] EXT4-fs (sda1): mounted filesystem with ordered data mode. Opts: (null)
done.
Begin: Running /scripts/local-bottom ... done.
Begin: Running /scripts/init-bottom ... done.
[    6.082175] ip_tables: (C) 2000-2006 Netfilter Core Team
[    6.099657] systemd[1]: systemd 237 running in system mode. (+PAM +AUDIT +SELINUX +IMA +APPARMOR +SMACK +SYSVINIT +UTMP +LIBCRYPTSETUP +GCRYPT +GNUTLS +ACL +XZ +LZ4 +SECCOMP +BLKID +ELFUTILS +KMOD -IDN2 +IDN -PCRE2 default-hierarchy=hybrid)
[    6.112608] systemd[1]: Detected virtualization oracle.
[    6.116101] systemd[1]: Detected architecture x86-64.

Welcome to [1mUbuntu 18.04.6 LTS[0m!

[    6.134972] systemd[1]: Set hostname to <ubuntu>.
[    6.142296] systemd[1]: Initializing machine ID from random generator.
[    6.146544] systemd[1]: Installed transient /etc/machine-id file.
[    6.459389] systemd[1]: Reached target Mounting snaps.
[[0;32m  OK  [0m] Reached target Mounting snaps.
[    6.466857] systemd[1]: Set up automount Arbitrary Executable File Formats File System Automount Point.
[[0;32m  OK  [0m] Set up automount Arbitrary Executabâ€¦rmats File System Automount Point.
[    6.476807] systemd[1]: Reached target Mounted snaps.
[[0;32m  OK  [0m] Reached target Mounted snaps.
[    6.489341] systemd[1]: Created slice System Slice.
[[0;32m  OK  [0m] Created slice System Slice.
[[0;32m  OK  [0m] Listening on udev Kernel Socket.
[[0;32m  OK  [0m] Listening on Journal Audit Socket.
[[0;32m  OK  [0m] Listening on Syslog Socket.
[[0;32m  OK  [0m] Listening on /dev/initctl Compatibility Named Pipe.
[[0;32m  OK  [0m] Listening on udev Control Socket.
[[0;32m  OK  [0m] Listening on LVM2 metadata daemon socket.
[[0;32m  OK  [0m] Listening on Device-mapper event daemon FIFOs.
[[0;32m  OK  [0m] Listening on fsck to fsckd communication Socket.
[[0;32m  OK  [0m] Reached target User and Group Name Lookups.
[[0;32m  OK  [0m] Listening on Journal Socket.
         Starting udev Coldplug all Devices...
         Starting Monitoring of LVM2 mirrorsâ€¦ng dmeventd or progress polling...
         Starting Set the console keyboard layout...
         Mounting Kernel Debug File System...
         Mounting POSIX Message Queue File System...
         Starting Load Kernel Modules...
         Mounting Huge Pages File System...
[[0;32m  OK  [0m] Listening on Journal Socket (/dev/log).
         Starting Journal Service...
         Starting File System Check on Root Device...
         Starting Create list of required stâ€¦ce nodes for the current kernel...
[[0;32m  OK  [0m] Reached target System Time Synchronized.
[[0;32m  OK  [0m] Created slice User and Session Slice.
[[0;32m  OK  [0m] Reached target Slices.
[[0;32m  OK  [0m] Listening on LVM2 poll daemon socket.
         Starting Uncomplicated firewall...
[[0;32m  OK  [0m] Created slice system-serial\x2dgetty.slice.
[[0;32m  OK  [0m] Listening on Network Service Netlink Socket.
[[0;32m  OK  [0m] Reached target Swap.
[[0;32m  OK  [0m] Started Forward Password Requests to Wall Directory Watch.
[[0;32m  OK  [0m] Started LVM2 metadata daemon.
[[0;32m  OK  [0m] Mounted POSIX Message Queue File System.
[[0;32m  OK  [0m] Mounted Kernel Debug File System.
[[0;32m  OK  [0m] Mounted Huge Pages File System.
[[0;32m  OK  [0m] Started Create list of required staâ€¦vice nodes for the current kernel.
         Starting Create Static Device Nodes in /dev...
[[0;32m  OK  [0m] Started File System Check Daemon to report status.
[[0;32m  OK  [0m] Started Uncomplicated firewall.
[[0;32m  OK  [0m] Started udev Coldplug all Devices.
[[0;32m  OK  [0m] Started Create Static Device Nodes in /dev.
[    6.716975] Loading iSCSI transport class v2.0-870.
[    6.726411] iscsi: registered transport (tcp)
[    6.746273] iscsi: registered transport (iser)
[[0;32m  OK  [0m] Started Load Kernel Modules.
         Mounting Kernel Configuration File System...
         Mounting FUSE Control File System...
         Starting Apply Kernel Variables...
[[0;32m  OK  [0m] Mounted Kernel Configuration File System.
[[0;32m  OK  [0m] Mounted FUSE Control File System.
[[0;32m  OK  [0m] Started Journal Service.
[[0;32m  OK  [0m] Started Monitoring of LVM2 mirrors,â€¦sing dmeventd or progress polling.
[[0;32m  OK  [0m] Started File System Check on Root Device.
[[0;32m  OK  [0m] Started Apply Kernel Variables.
         Starting Remount Root and Kernel File Systems...
[[0;32m  OK  [0m] Started Remount Root and Kernel File Systems.
         Starting Flush Journal to Persistent Storage...
         Starting udev Kernel Device Manager...
         Starting Load/Save Random Seed...
[[0;32m  OK  [0m] Started udev Kernel Device Manager.
[[0;32m  OK  [0m] Started Load/Save Random Seed.
[[0;32m  OK  [0m] Started Flush Journal to Persistent Storage.
[[0;32m  OK  [0m] Found device /dev/ttyS0.
[[0;32m  OK  [0m] Listening on Load/Save RF Kill Switch Status /dev/rfkill Watch.
         Mounting Arbitrary Executable File Formats File System...
[[0;32m  OK  [0m] Mounted Arbitrary Executable File Formats File System.
[[0;32m  OK  [0m] Started Set the console keyboard layout.
[[0;32m  OK  [0m] Reached target Local File Systems (Pre).
[[0;32m  OK  [0m] Reached target Local File Systems.
         Starting Create Volatile Files and Directories...
         Starting AppArmor initialization...
         Starting Commit a transient machine-id on disk...
         Starting ebtables ruleset management...
         Starting Tell Plymouth To Write Out Runtime Data...
         Starting Set console font and keymap...
[[0;32m  OK  [0m] Started Dispatch Password Requests to Console Directory Watch.
[[0;32m  OK  [0m] Reached target Local Encrypted Volumes.
[[0;32m  OK  [0m] Started Tell Plymouth To Write Out Runtime Data.
[[0;32m  OK  [0m] Started Create Volatile Files and Directories.
         Starting Update UTMP about System Boot/Shutdown...
[[0;32m  OK  [0m] Started Update UTMP about System Boot/Shutdown.
[[0;32m  OK  [0m] Started Commit a transient machine-id on disk.
[[0;32m  OK  [0m] Started ebtables ruleset management.
[[0;32m  OK  [0m] Started AppArmor initialization.
         Starting Initial cloud-init job (pre-networking)...
         Starting Load AppArmor profiles managed internally by snapd...
[[0;32m  OK  [0m] Started Load AppArmor profiles managed internally by snapd.
[[0;32m  OK  [0m] Started Set console font and keymap.
[   11.178490] cloud-init[845]: Cloud-init v. 23.1.2-0ubuntu0~18.04.1 running 'init-local' at Thu, 19 Oct 2023 11:57:08 +0000. Up 10.81 seconds.
[[0;32m  OK  [0m] Started Initial cloud-init job (pre-networking).
[[0;32m  OK  [0m] Reached target Network (Pre).
         Starting Network Service...
[[0;32m  OK  [0m] Started Network Service.
         Starting Wait for Network to be Configured...
         Starting Network Name Resolution...
[[0;32m  OK  [0m] Started Network Name Resolution.
[[0;32m  OK  [0m] Reached target Host and Network Name Lookups.
[[0;32m  OK  [0m] Reached target Network.
[[0;32m  OK  [0m] Started Wait for Network to be Configured.
         Starting Initial cloud-init job (metadata service crawler)...
[   13.294645] cloud-init[1004]: Cloud-init v. 23.1.2-0ubuntu0~18.04.1 running 'init' at Thu, 19 Oct 2023 11:57:11 +0000. Up 13.10 seconds.
[   13.298555] cloud-init[1004]: ci-info: ++++++++++++++++++++++++++++++++++++++Net device info++++++++++++++++++++++++++++++++++++++
[   13.302784] cloud-init[1004]: ci-info: +--------+------+----------------------------+---------------+--------+-------------------+
[   13.306546] cloud-init[1004]: ci-info: | Device |  Up  |          Address           |      Mask     | Scope  |     Hw-Address    |
[   13.310133] cloud-init[1004]: ci-info: +--------+------+----------------------------+---------------+--------+-------------------+
[   13.314929] cloud-init[1004]: ci-info: | enp0s3 | True |         10.0.2.15          | 255.255.255.0 | global | 02:3b:7b:b7:3b:2d |
[   13.318788] cloud-init[1004]: ci-info: | enp0s3 | True | fe80::3b:7bff:feb7:3b2d/64 |       .       |  link  | 02:3b:7b:b7:3b:2d |
[   13.322521] cloud-init[1004]: ci-info: |   lo   | True |         127.0.0.1          |   255.0.0.0   |  host  |         .         |
[   13.326470] cloud-init[1004]: ci-info: |   lo   | True |          ::1/128           |       .       |  host  |         .         |
[   13.330460] cloud-init[1004]: ci-info: +--------+------+----------------------------+---------------+--------+-------------------+
[   13.334983] cloud-init[1004]: ci-info: ++++++++++++++++++++++++++++Route IPv4 info+++++++++++++++++++++++++++++
[   13.338478] cloud-init[1004]: ci-info: +-------+-------------+----------+-----------------+-----------+-------+
[   13.343849] cloud-init[1004]: ci-info: | Route | Destination | Gateway  |     Genmask     | Interface | Flags |
[   13.348028] cloud-init[1004]: ci-info: +-------+-------------+----------+-----------------+-----------+-------+
[   13.351996] cloud-init[1004]: ci-info: |   0   |   0.0.0.0   | 10.0.2.2 |     0.0.0.0     |   enp0s3  |   UG  |
[   13.355787] cloud-init[1004]: ci-info: |   1   |   10.0.2.0  | 0.0.0.0  |  255.255.255.0  |   enp0s3  |   U   |
[   13.359069] cloud-init[1004]: ci-info: |   2   |   10.0.2.2  | 0.0.0.0  | 255.255.255.255 |   enp0s3  |   UH  |
[   13.362735] cloud-init[1004]: ci-info: +-------+-------------+----------+-----------------+-----------+-------+
[   13.366132] cloud-init[1004]: ci-info: +++++++++++++++++++Route IPv6 info+++++++++++++++++++
[   13.369029] cloud-init[1004]: ci-info: +-------+-------------+---------+-----------+-------+
[   13.371676] cloud-init[1004]: ci-info: | Route | Destination | Gateway | Interface | Flags |
[   13.374762] cloud-init[1004]: ci-info: +-------+-------------+---------+-----------+-------+
[   13.392251] cloud-init[1004]: ci-info: |   1   |  fe80::/64  |    ::   |   enp0s3  |   U   |
[   13.395245] cloud-init[1004]: ci-info: |   3   |    local    |    ::   |   enp0s3  |   U   |
[   13.398275] cloud-init[1004]: ci-info: |   4   |   ff00::/8  |    ::   |   enp0s3  |   U   |
[   13.414309] cloud-init[1004]: ci-info: +-------+-------------+---------+-----------+-------+
[   14.361979] cloud-init[1004]: Generating public/private rsa key pair.
[   14.364579] cloud-init[1004]: Your identification has been saved in /etc/ssh/ssh_host_rsa_key.
[   14.367369] cloud-init[1004]: Your public key has been saved in /etc/ssh/ssh_host_rsa_key.pub.
[   14.369919] cloud-init[1004]: The key fingerprint is:
[   14.371851] cloud-init[1004]: SHA256:lpesAOGfFG0xELM6LrGP4T/s8cxdHfc3P10MEFG4GTE root@ubuntu-bionic
[   14.375172] cloud-init[1004]: The key's randomart image is:
[   14.377150] cloud-init[1004]: +---[RSA 2048]----+
[   14.378792] cloud-init[1004]: |    . =+o.  E*.  |
[   14.380318] cloud-init[1004]: |   . . +o.  +.   |
[   14.381814] cloud-init[1004]: |    o o.     =   |
[   14.383432] cloud-init[1004]: |     = . o .o .  |
[   14.384958] cloud-init[1004]: |  . o + S + . .o |
[   14.386437] cloud-init[1004]: |   + . o o . o .o|
[   14.388265] cloud-init[1004]: |  +.o   . . .  .=|
[   14.389709] cloud-init[1004]: | . =o= . .     .=|
[   14.391121] cloud-init[1004]: |  oo+.+ .       o|
[   14.392638] cloud-init[1004]: +----[SHA256]-----+
[   14.394054] cloud-init[1004]: Generating public/private dsa key pair.
[   14.396183] cloud-init[1004]: Your identification has been saved in /etc/ssh/ssh_host_dsa_key.
[   14.398957] cloud-init[1004]: Your public key has been saved in /etc/ssh/ssh_host_dsa_key.pub.
[   14.401533] cloud-init[1004]: The key fingerprint is:
[   14.403246] cloud-init[1004]: SHA256:J99OYG8gwUUjRpJzzjxrUSBNaKj0/LVufbXILY30jVk root@ubuntu-bionic
[   14.406027] cloud-init[1004]: The key's randomart image is:
[   14.407736] cloud-init[1004]: +---[DSA 1024]----+
[   14.409637] cloud-init[1004]: |     .o**o+      |
[   14.411240] cloud-init[1004]: |  . . ==oo..     |
[   14.412999] cloud-init[1004]: | . + . *o.       |
[   14.414550] cloud-init[1004]: |  . o   B.       |
[   14.416054] cloud-init[1004]: |     . .S==      |
[   14.417598] cloud-init[1004]: |      . +* =. . E|
[   14.419174] cloud-init[1004]: |       o ..o=B * |
[   14.420790] cloud-init[1004]: |        o .+* B .|
[   14.422601] cloud-init[1004]: |       .   ...   |
[   14.424495] cloud-init[1004]: +----[SHA256]-----+
[   14.425981] cloud-init[1004]: Generating public/private ecdsa key pair.
[   14.427920] cloud-init[1004]: Your identification has been saved in /etc/ssh/ssh_host_ecdsa_key.
[   14.431072] cloud-init[1004]: Your public key has been saved in /etc/ssh/ssh_host_ecdsa_key.pub.
[   14.433993] cloud-init[1004]: The key fingerprint is:
[   14.435984] cloud-init[1004]: SHA256:9N80Yny3XENxFrWbes0mjclWGqyPE9e6Yy1zUFfwcdY root@ubuntu-bionic
[   14.439032] cloud-init[1004]: The key's randomart image is:
[   14.440986] cloud-init[1004]: +---[ECDSA 256]---+
[   14.442811] cloud-init[1004]: |              .=X|
[   14.444816] cloud-init[1004]: |               +E|
[   14.446535] cloud-init[1004]: |        .      oo|
[   14.448213] cloud-init[1004]: |       . . . .. =|
[   14.449993] cloud-init[1004]: |        S . + **=|
[   14.451593] cloud-init[1004]: |           o.B=@*|
[   14.453678] cloud-init[1004]: |            o+OB=|
[   14.455981] cloud-init[1004]: |            .+Boo|
[   14.457823] cloud-init[1004]: |            .oo* |
[   14.459986] cloud-init[1004]: +----[SHA256]-----+
[   14.461885] cloud-init[1004]: Generating public/private ed25519 key pair.
[   14.464349] cloud-init[1004]: Your identification has been saved in /etc/ssh/ssh_host_ed25519_key.
[   14.467773] cloud-init[1004]: Your public key has been saved in /etc/ssh/ssh_host_ed25519_key.pub.
[   14.471089] cloud-init[1004]: The key fingerprint is:
[   14.473087] cloud-init[1004]: SHA256:I0PKp7z9y1dat6P1m5oIIRJzQ7bCANQ9oITmgRBO7mo root@ubuntu-bionic
[   14.476627] cloud-init[1004]: The key's randomart image is:
[   14.479014] cloud-init[1004]: +--[ED25519 256]--+
[   14.480950] cloud-init[1004]: |B*ooo  o         |
[   14.482746] cloud-init[1004]: |Bo..ooo .        |
[   14.484609] cloud-init[1004]: |o+.  =o+         |
[   14.486051] cloud-init[1004]: |.. . o= .        |
[   14.487542] cloud-init[1004]: | .  o.+.S.       |
[   14.489265] cloud-init[1004]: |.  . o.o... o .  |
[   14.490757] cloud-init[1004]: |.E  o    . + ... |
[   14.492548] cloud-init[1004]: |.    o .  + ..+..|
[   14.494283] cloud-init[1004]: |    . ..+o ..+.+o|
[   14.495722] cloud-init[1004]: +----[SHA256]-----+
[[0;32m  OK  [0m] Started Initial cloud-init job (metadata service crawler).
[[0;32m  OK  [0m] Reached target Network is Online.
[[0;32m  OK  [0m] Reached target Remote File Systems (Pre).
[[0;32m  OK  [0m] Reached target Remote File Systems.
         Starting Availability of block devices...
[[0;32m  OK  [0m] Reached target System Initialization.
         Starting LXD - unix socket.
         Starting Socket activation for snappy daemon.
[[0;32m  OK  [0m] Listening on Open-iSCSI iscsid Socket.
[[0;32m  OK  [0m] Started Message of the Day.
[[0;32m  OK  [0m] Started Ubuntu Advantage Timer for running repeated jobs.
[[0;32m  OK  [0m] Started Discard unused blocks once a week.
[[0;32m  OK  [0m] Started Daily Cleanup of Temporary Directories.
[[0;32m  OK  [0m] Listening on cloud-init hotplug hook socket.
[[0;32m  OK  [0m] Started ACPI Events Check.
[[0;32m  OK  [0m] Reached target Paths.
[[0;32m  OK  [0m] Listening on D-Bus System Message Bus Socket.
[[0;32m  OK  [0m] Listening on UUID daemon activation socket.
[[0;32m  OK  [0m] Started Daily apt download activities.
[[0;32m  OK  [0m] Listening on ACPID Listen Socket.
[[0;32m  OK  [0m] Started Daily apt upgrade and clean activities.
[[0;32m  OK  [0m] Reached target Timers.
[[0;32m  OK  [0m] Reached target Cloud-config availability.
[[0;32m  OK  [0m] Started Availability of block devices.
[[0;32m  OK  [0m] Listening on LXD - unix socket.
[[0;32m  OK  [0m] Listening on Socket activation for snappy daemon.
[[0;32m  OK  [0m] Reached target Sockets.
[[0;32m  OK  [0m] Reached target Basic System.
         Starting System Logging Service...
[[0;32m  OK  [0m] Started irqbalance daemon.
         Starting Accounts Service...
[[0;32m  OK  [0m] Started FUSE filesystem for LXC.
         Starting Login Service...
         Starting LSB: automatic crash report generation...
         Starting LSB: Record successful boot for GRUB...
[[0;32m  OK  [0m] Started Regular background program processing daemon.
[[0;32m  OK  [0m] Started D-Bus System Message Bus.
         Starting Dispatcher daemon for systemd-networkd...
[[0;32m  OK  [0m] Started Deferred execution scheduler.
         Starting Permit User Sessions...
[[0;32m  OK  [0m] Reached target Login Prompts (Pre).
         Starting Snap Daemon...
         Starting Virtualbox guest utils...
         Starting LXD - container startup/shutdown...
         Starting Pollinate to seed the pseudo random number generator...
[[0;32m  OK  [0m] Started System Logging Service.
[[0;32m  OK  [0m] Started Permit User Sessions.
[[0;32m  OK  [0m] Started Login Service.
         Starting Authorization Manager...
[[0;32m  OK  [0m] Started Unattended Upgrades Shutdown.
         Starting Hold until boot process finishes up...
         Starting Terminate Plymouth Boot Screen...
[[0;32m  OK  [0m] Started Hold until boot process finishes up.
[[0;32m  OK  [0m] Started Serial Getty on ttyS0.
         Starting Set console scheme...
[[0;32m  OK  [0m] Started LSB: automatic crash report generation.
[[0;32m  OK  [0m] Started Terminate Plymouth Boot Screen.
[[0;32m  OK  [0m] Started Set console scheme.
[[0;32m  OK  [0m] Created slice system-getty.slice.
[[0;32m  OK  [0m] Started Getty on tty1.
[[0;32m  OK  [0m] Reached target Login Prompts.
[[0;32m  OK  [0m] Started LSB: Record successful boot for GRUB.
[[0;32m  OK  [0m] Started Authorization Manager.
[[0;32m  OK  [0m] Started Accounts Service.
[[0;32m  OK  [0m] Started LXD - container startup/shutdown.
[[0;32m  OK  [0m] Started Virtualbox guest utils.
[[0;32m  OK  [0m] Started Dispatcher daemon for systemd-networkd.
[[0;32m  OK  [0m] Started Snap Daemon.
         Starting Wait until snapd is fully seeded...
         Starting Time & Date Service...
[[0;32m  OK  [0m] Started Time & Date Service.
[[0;32m  OK  [0m] Started Pollinate to seed the pseudo random number generator.
         Starting OpenBSD Secure Shell server...
[[0;32m  OK  [0m] Started OpenBSD Secure Shell server.
[[0;32m  OK  [0m] Started Wait until snapd is fully seeded.
         Starting Apply the settings specified in cloud-config...
[[0;32m  OK  [0m] Created slice User Slice of vagrant.
         Starting User Manager for UID 1000...
[[0;32m  OK  [0m] Started Session 1 of user vagrant.
[[0;32m  OK  [0m] Started User Manager for UID 1000.
[   18.794453] cloud-init[1555]: Cloud-init v. 23.1.2-0ubuntu0~18.04.1 running 'modules:config' at Thu, 19 Oct 2023 11:57:16 +0000. Up 18.27 seconds.
[[0;32m  OK  [0m] Started Apply the settings specified in cloud-config.
[[0;32m  OK  [0m] Reached target Multi-User System.
[[0;32m  OK  [0m] Reached target Graphical Interface.
         Starting Update UTMP about System Runlevel Changes...
         Starting Execute cloud user/final scripts...
[[0;32m  OK  [0m] Started Update UTMP about System Runlevel Changes.
ci-info: no authorized SSH keys fingerprints found for user ubuntu.
<14>Oct 19 11:57:17 cloud-init: #############################################################
<14>Oct 19 11:57:17 cloud-init: -----BEGIN SSH HOST KEY FINGERPRINTS-----
<14>Oct 19 11:57:17 cloud-init: 1024 SHA256:J99OYG8gwUUjRpJzzjxrUSBNaKj0/LVufbXILY30jVk root@ubuntu-bionic (DSA)
<14>Oct 19 11:57:17 cloud-init: 256 SHA256:9N80Yny3XENxFrWbes0mjclWGqyPE9e6Yy1zUFfwcdY root@ubuntu-bionic (ECDSA)
<14>Oct 19 11:57:17 cloud-init: 256 SHA256:I0PKp7z9y1dat6P1m5oIIRJzQ7bCANQ9oITmgRBO7mo root@ubuntu-bionic (ED25519)
<14>Oct 19 11:57:17 cloud-init: 2048 SHA256:lpesAOGfFG0xELM6LrGP4T/s8cxdHfc3P10MEFG4GTE root@ubuntu-bionic (RSA)
<14>Oct 19 11:57:17 cloud-init: -----END SSH HOST KEY FINGERPRINTS-----
<14>Oct 19 11:57:17 cloud-init: #############################################################
-----BEGIN SSH HOST KEY KEYS-----
ecdsa-sha2-nistp256 AAAAE2VjZHNhLXNoYTItbmlzdHAyNTYAAAAIbmlzdHAyNTYAAABBBG5LteyQROBgbHlYb+HRXqs2p3WAi+AXL3BMOuT35wvEBDiJe3FKQSHQiJGZc5Dt634jf5iZelV2qgt7ssvaoiY= root@ubuntu-bionic
ssh-ed25519 AAAAC3NzaC1lZDI1NTE5AAAAIBYl8he1J/eS21FaZiTWd5pFfbLu0xR0F+Jh5loRXgln root@ubuntu-bionic
ssh-rsa AAAAB3NzaC1yc2EAAAADAQABAAABAQDVIS9lYzhBYPpbk0lo9XKYp1IwAQBr3/smvIxNa/gTknXlppA44c2GNKs0jK3WWcQCQCnNUSfSeWHAuCiaPxc7rY3uxrVivWgJqbY7usmVxiw8AN9m5dP73vHzSFWsRK+KMj0HIuaWj2gfbg80ByhQiujG9PHvmeeN0pzjf1kDV/5yxcwivCXnB9YyrfT5EpABT0fjcPZWcZjNQSKhf1BTGxEum74CW5MBIqPj1rymJHnqUL8T0DQloNN9Na3X09inNzYdgN8xRaI1SF87127EToyhXdWwbDk7EI6+W9/ILUbMRm4/7mppdK/Ufaa+48GtHb3t2JxnDXFsK8nx3jNn root@ubuntu-bionic
-----END SSH HOST KEY KEYS-----
[   19.905748] cloud-init[1675]: Cloud-init v. 23.1.2-0ubuntu0~18.04.1 running 'modules:final' at Thu, 19 Oct 2023 11:57:17 +0000. Up 19.52 seconds.
[   19.909903] cloud-init[1675]: Cloud-init v. 23.1.2-0ubuntu0~18.04.1 finished at Thu, 19 Oct 2023 11:57:17 +0000. Datasource DataSourceNoCloud [seed=/dev/sdb][dsmode=net].  Up 19.88 seconds
[[0;32m  OK  [0m] Started Execute cloud user/final scripts.
[[0;32m  OK  [0m] Reached target Cloud-init target.

Ubuntu 18.04.6 LTS ubuntu-bionic ttyS0

ubuntu-bionic login: 